Chat Deep Audit — 2026-04-20T16:39:42.285Z

[16:39:42.287] API: http://localhost:3001, Web: http://localhost:3000
[16:39:42.289] Test user: maneek@test.com
[16:39:42.289] INFO Logging in as maneek@test.com...
[16:39:43.063] OK   Login OK — status 200
[16:39:43.064] Logged in — userId: d4f985f6-6c37-4102-a7e8-32e22cfbe962, orgId: 1d7d869a
[16:39:43.567] INFO === GROUP 1: Space Navigation ===
[16:39:44.023] INFO Time to domcontentloaded: 455ms
[16:39:46.323] INFO Page title: "Deft", URL: http://localhost:3000/chat
[16:39:46.583] INFO screenshot saved: 01-chat-initial-load.png
[16:39:46.603] INFO API /api/spaces returned 14 spaces
[16:39:46.604] OK   14 spaces from API
[16:39:46.655] INFO "general" space visible in sidebar: true
[16:39:47.832] INFO URL after clicking "general" in sidebar: http://localhost:3000/chat
[16:39:48.012] INFO screenshot saved: 02-sidebar-no-url-change.png
[16:39:48.015] [FINDING:P2] Space Navigation: Clicking sidebar space "general" does NOT update URL to include ?space= param. URL stays "http://localhost:3000/chat" | Users cannot deep-link or share the current space via URL
[16:39:50.674] INFO screenshot saved: 03-space-general-loaded.png
[16:39:50.703] INFO Messages visible in general: 49
[16:39:50.704] OK   Space "general" shows 49 messages
[16:39:50.705] INFO Navigating to space: Maneek, Priya
[16:39:52.390] OK   Space "Maneek, Priya" navigated OK
[16:39:52.392] INFO Navigating to space: random
[16:39:54.187] OK   Space "random" navigated OK
[16:39:54.189] INFO Navigating to space: Maneek, Test OpenClaw PM
[16:39:55.858] OK   Space "Maneek, Test OpenClaw PM" navigated OK
[16:39:55.860] Active space: general | Progress: Group 1 done at 13571ms
[16:39:55.862] INFO === GROUP 2: Message Rendering ===
[16:39:58.860] INFO screenshot saved: 04-message-feed.png
[16:39:58.873] INFO Timestamp titles found: 2:31 PM GMT+5:30 | 2:33 PM GMT+5:30 · 2:33 PM GMT+5:30 (Rahul's time) | 2:34 PM GMT+5:30 | 2:36 PM GMT+5:30 · 2:36 PM GMT+5:30 (Rahul's time) | 2:37 PM GMT+5:30 | 2:39 PM GMT+5:30 · 2:39 PM GMT+5:30 (Rahul's time) | 2:40 PM GMT+5:30 | 2:42 PM GMT+5:30 · 2:42 PM GMT+5:30 (Rahul's time) | 2:43 PM GMT+5:30 | 2:45 PM GMT+5:30 · 2:45 PM GMT+5:30 (Rahul's time)
[16:39:58.884] INFO Broken images: 0
[16:40:00.093] INFO screenshot saved: 05-message-hover-actions.png
[16:40:00.134] INFO Hover actions — React:true, Reply:true, Bookmark:true, More:true, Pin:true
[16:40:00.135] OK   Hover actions visible: React, Reply, More confirmed
[16:40:00.156] INFO Markdown in messages — bold:15, em:1, code:1
[16:40:00.158] Progress: Group 2 done at 17869ms
[16:40:00.160] INFO === GROUP 3: Send a Message ===
[16:40:03.031] OK   Composer found
[16:40:05.142] INFO screenshot saved: 06-after-send-ping1.png
[16:40:05.166] INFO "chat-audit ping 1" in feed: 2
[16:40:05.168] OK   chat-audit ping 1 sent and appeared in feed
[16:40:09.110] INFO screenshot saved: 07-quick-succession-pings.png
[16:40:09.122] OK   All 4 ping messages appeared
[16:40:09.969] INFO Shift+Enter inserted newline: true (composer HTML includes both lines)
[16:40:09.971] OK   Shift+Enter correctly inserts newline
[16:40:12.850] INFO screenshot saved: 08-markdown-message-send.png
[16:40:12.868] INFO Markdown rendering — bold:16, em:2, code:2
[16:40:12.870] OK   Markdown rendering OK: bold=16 em=2 code=2
[16:40:12.875] INFO Markdown link rendered as <a>: 1
[16:40:12.876] Progress: Group 3 done at 30587ms
[16:40:12.878] INFO === GROUP 4: Threads ===
[16:40:15.826] INFO chat-audit messages visible: 9
[16:40:16.728] INFO Reply button visible after hover: true
[16:40:18.923] INFO screenshot saved: 09-thread-panel-open.png
[16:40:18.930] INFO Thread panel visible: true, URL: http://localhost:3000/chat?space=ad508864-7533-40d2-b126-9fb0d975c3fd
[16:40:18.932] OK   Thread panel opened successfully
[16:40:18.933] [FINDING:Nit] Thread URL: Opening a thread does not update the URL (no deep-link support)
[16:40:18.938] INFO Thread composer visible: false
[16:40:18.944] INFO Total contenteditable editors: 1
[16:40:18.945] [FINDING:P1] Threads: Thread panel has no composer visible
[16:40:18.946] Progress: Group 4 done at 36657ms
[16:40:18.948] INFO === GROUP 5: Reactions ===
[16:40:22.921] INFO React button visible: true
[16:40:24.253] INFO screenshot saved: 10-emoji-picker-open.png
[16:40:24.267] INFO Emoji picker check: {"hasEmojis":true,"fixedDivs":0,"pickerFound":false}
[16:40:24.268] OK   Emoji picker opened
[16:40:24.281] INFO Picker buttons: {"found":true,"firstEmoji":"","count":127}
[16:40:25.836] INFO screenshot saved: 11-after-reaction-add.png
[16:40:25.841] INFO Reaction badges found: ["👋2","🙏1","🤮1"]
[16:40:25.842] OK   Reaction appeared: 👋2, 🙏1, 🤮1
[16:40:25.853] Progress: Group 5 done at 43564ms
[16:40:25.854] INFO === GROUP 6: Edit + Delete ===
[16:40:30.366] INFO More button visible for edit: true
[16:40:31.454] INFO Edit option in menu: true
[16:40:31.500] INFO More menu items: [" Edit"," Copy link"," Mark unread"," Quote"," Forward"," Save to Knowledge"," Remind me"," Delete"]
[16:40:32.654] INFO screenshot saved: 12-edit-mode.png
[16:40:32.670] INFO Edit input visible: true
[16:40:35.119] INFO screenshot saved: 13-after-edit-save.png
[16:40:35.146] INFO Edited marker: 1 messages with "edited", "(edited)" span: 0
[16:40:35.147] OK   "(edited)" marker visible after edit
[16:40:36.770] INFO Delete option visible: true
[16:40:37.669] INFO Confirm dialog for delete: false
[16:40:37.839] INFO screenshot saved: 14-after-delete.png
[16:40:37.857] INFO After delete — ping3 visible: 2, tombstone: 0, deleted-class: 0
[16:40:37.858] [FINDING:P2] Delete Message: Message text still visible after delete — no tombstone shown
[16:40:37.858] Progress: Group 6 done at 55569ms
[16:40:37.859] INFO === GROUP 7: Search / Command Palette ===
[16:40:42.016] INFO Command palette opened (search input visible): true
[16:40:42.018] OK   Command palette opened with Ctrl+K
[16:40:42.293] INFO screenshot saved: 15-command-palette-open.png
[16:40:43.875] INFO screenshot saved: 16-search-results.png
[16:40:43.883] INFO Search results count: 9
[16:40:43.885] OK   Found 9 results for "chat-audit ping"
[16:40:45.413] INFO URL after clicking result: http://localhost:3000/chat
[16:40:45.576] INFO screenshot saved: 17-search-click-no-nav.png
[16:40:45.577] [FINDING:P2] Search: Clicking search result did not navigate to message in context | URL: http://localhost:3000/chat
[16:40:47.718] INFO Results for "general": 13
[16:40:47.745] INFO General results: ["# general","AF3913-3Write announcement copyBacklog","AF3913-4Schedule social teasersBacklog"]
[16:40:47.843] Progress: Group 7 done at 65554ms
[16:40:47.844] INFO === ADDITIONAL: Layout, Timestamps, Misc ===
[16:40:51.141] INFO screenshot saved: 18-general-space-overview.png
[16:40:51.151] INFO Timestamp samples: [{"title":"2:39 PM GMT+5:30 · 2:39 PM GMT+5:30 (Rahul's time)","text":"2:39 PM"},{"title":"2:40 PM GMT+5:30","text":"2:40 PM"},{"title":"2:42 PM GMT+5:30 · 2:42 PM GMT+5:30 (Rahul's time)","text":"2:42 PM"}]
[16:40:51.178] INFO Active space highlight: active: general bg:rgba(144, 128, 250, 0.12)
[16:40:51.183] INFO Composer placeholder: "no placeholder attr"
[16:40:54.052] INFO Sidebar text (first 300): Deft AIThe Quiet WorkspaceDashboardNotesCalendarChatTasksKnowledgeAgent1LibrarySettingsSpacesrandomengineeringtestingdesignqa-probe-spaceSubagent Testrenamed-channelgeneralDirect MessagesPPriya🏠RRahul🍕AArjunSSaraIICK Test UserMMCP TesterMMCP Tester 2MMCP ExerciseAgent EmployeesDDogfood PMAIAAuditA
[16:40:54.080] INFO Pinned bar elements: 1
[16:40:54.095] INFO Message grouping: 11 grouped out of 50 total
[16:40:54.099] Progress: Additional checks done at 71810ms
[16:40:54.194] INFO === GROUP 8: Real-Time Sanity ===
[16:40:59.709] INFO Tab 1 messages before: 50
[16:41:05.437] INFO Sent from tab 2: "chat-audit realtime-1776703264185"
[16:41:06.392] INFO screenshot saved: 19-realtime-check.png
[16:41:06.393] OK   Real-time message appeared on tab 1 in 313ms
[16:41:06.394] INFO Socket.io events captured on tab 1: 1
[16:41:06.508] Progress: Group 8 done at 84219ms
[16:41:07.159] 
Total duration: 84.9s
[16:41:07.161] Findings: P0=0 P1=1 P2=3 Nit=1
[16:41:07.162] Console errors: 1, Network errors: 0
[16:41:07.165] REPORT written to docs\superpowers\audits\chat-deep\REPORT.md
